// Jest Snapshot v1, https://goo.gl/fbAQLP

exports[`<AutoComplete /> should load mockCategory 1`] = `ReactWrapper {}`;
